jmp ?read([ebp-0])
mov R0, 0
mov [ebp-4], R0
mov R0, 0
mov R1, [ebp-0]
cmp R1, R0
jge ?6
jmp ?21
mov R0, 1
mov R1, [ebp-0]
sub R1, R0
mov R0, 2
mov R2, R1
div R2, R0
mov R0, 2
mul R2, R0
mov R0, R1
sub R0, R2
mov R2, 0
mov [ebp-0], R1
mov [ebp-8], R0
cmp R0, R2
jne ?18
jmp ?3
mov R0, [ebp-4]
add R0, [ebp-0]
mov [ebp-4], R0
jmp ?3
jmp ?write([ebp-4])
halt
